[   14819ms] [INFO] %cDownload the React DevTools for a better development experience: https://react.dev/link/react-devtools font-weight:bold @ http://localhost:5173/node_modules/.vite/deps/react-dom_client.js?v=16477861:20102
[   16267ms] [WARNING] ⚠️ React Router Future Flag Warning: React Router will begin wrapping state updates in `React.startTransition` in v7. You can use the `v7_startTransition` future flag to opt-in early. For more information, see https://reactrouter.com/v6/upgrading/future#v7_starttransition. @ http://localhost:5173/node_modules/.vite/deps/react-router-dom.js?v=3cb7fc75:4416
[   16275ms] [WARNING] ⚠️ React Router Future Flag Warning: Relative route resolution within Splat routes is changing in v7. You can use the `v7_relativeSplatPath` future flag to opt-in early. For more information, see https://reactrouter.com/v6/upgrading/future#v7_relativesplatpath. @ http://localhost:5173/node_modules/.vite/deps/react-router-dom.js?v=3cb7fc75:4416
[   18372ms] [ERROR] Failed to load resource: the server responded with a status of 403 (Forbidden) @ http://localhost:5173/api/auth/me/:0
[  335110ms] [INFO] %cDownload the React DevTools for a better development experience: https://react.dev/link/react-devtools font-weight:bold @ http://localhost:5173/node_modules/.vite/deps/react-dom_client.js?v=16477861:20102
[  335616ms] [WARNING] ⚠️ React Router Future Flag Warning: React Router will begin wrapping state updates in `React.startTransition` in v7. You can use the `v7_startTransition` future flag to opt-in early. For more information, see https://reactrouter.com/v6/upgrading/future#v7_starttransition. @ http://localhost:5173/node_modules/.vite/deps/react-router-dom.js?v=3cb7fc75:4416
[  335617ms] [WARNING] ⚠️ React Router Future Flag Warning: Relative route resolution within Splat routes is changing in v7. You can use the `v7_relativeSplatPath` future flag to opt-in early. For more information, see https://reactrouter.com/v6/upgrading/future#v7_relativesplatpath. @ http://localhost:5173/node_modules/.vite/deps/react-router-dom.js?v=3cb7fc75:4416
[  336283ms] [ERROR] Failed to load resource: the server responded with a status of 403 (Forbidden) @ http://localhost:5173/api/auth/me/:0
[ 1006379ms] [ERROR] Failed to load resource: the server responded with a status of 403 (Forbidden) @ http://localhost:5173/api/auth/me/:0
[ 2448509ms] [ERROR] Failed to load resource: the server responded with a status of 403 (Forbidden) @ http://localhost:5173/api/journey/:0
[ 2448581ms] [ERROR] Failed to load resource: the server responded with a status of 403 (Forbidden) @ http://localhost:5173/api/home/cues/:0
[ 2449604ms] [ERROR] Failed to load resource: the server responded with a status of 403 (Forbidden) @ http://localhost:5173/api/journey/:0
[ 2449665ms] [ERROR] Failed to load resource: the server responded with a status of 403 (Forbidden) @ http://localhost:5173/api/home/cues/:0
[ 2482959ms] [INFO] %cDownload the React DevTools for a better development experience: https://react.dev/link/react-devtools font-weight:bold @ http://localhost:5173/node_modules/.vite/deps/react-dom_client.js?v=16477861:20102
[ 2483171ms] [WARNING] ⚠️ React Router Future Flag Warning: React Router will begin wrapping state updates in `React.startTransition` in v7. You can use the `v7_startTransition` future flag to opt-in early. For more information, see https://reactrouter.com/v6/upgrading/future#v7_starttransition. @ http://localhost:5173/node_modules/.vite/deps/react-router-dom.js?v=3cb7fc75:4416
[ 2483171ms] [WARNING] ⚠️ React Router Future Flag Warning: Relative route resolution within Splat routes is changing in v7. You can use the `v7_relativeSplatPath` future flag to opt-in early. For more information, see https://reactrouter.com/v6/upgrading/future#v7_relativesplatpath. @ http://localhost:5173/node_modules/.vite/deps/react-router-dom.js?v=3cb7fc75:4416
[ 2483625ms] [ERROR] Failed to load resource: the server responded with a status of 403 (Forbidden) @ http://localhost:5173/api/journey/:0
[ 2483649ms] [ERROR] Failed to load resource: the server responded with a status of 403 (Forbidden) @ http://localhost:5173/api/home/cues/:0
[ 2484831ms] [ERROR] Failed to load resource: the server responded with a status of 403 (Forbidden) @ http://localhost:5173/api/home/cues/:0
[ 2484836ms] [ERROR] Failed to load resource: the server responded with a status of 403 (Forbidden) @ http://localhost:5173/api/journey/:0
[ 3506900ms] [ERROR] Failed to load resource: the server responded with a status of 403 (Forbidden) @ http://localhost:5173/api/journey/:0
[ 3506926ms] [ERROR] Failed to load resource: the server responded with a status of 403 (Forbidden) @ http://localhost:5173/api/home/cues/:0
[ 3508003ms] [ERROR] Failed to load resource: the server responded with a status of 403 (Forbidden) @ http://localhost:5173/api/home/cues/:0
[ 3508003ms] [ERROR] Failed to load resource: the server responded with a status of 403 (Forbidden) @ http://localhost:5173/api/journey/:0
[ 3548298ms] [ERROR] Failed to load resource: the server responded with a status of 403 (Forbidden) @ http://localhost:5173/api/home/cues/:0
[ 3548298ms] [ERROR] Failed to load resource: the server responded with a status of 403 (Forbidden) @ http://localhost:5173/api/journey/:0
[ 3551874ms] [ERROR] Failed to load resource: the server responded with a status of 403 (Forbidden) @ http://localhost:5173/api/journey/:0
[ 3551876ms] [ERROR] Failed to load resource: the server responded with a status of 403 (Forbidden) @ http://localhost:5173/api/home/cues/:0
[ 3586945ms] [ERROR] Failed to load resource: the server responded with a status of 403 (Forbidden) @ http://localhost:5173/api/home/cues/:0
[ 3586958ms] [ERROR] Failed to load resource: the server responded with a status of 403 (Forbidden) @ http://localhost:5173/api/journey/:0
[ 3594127ms] [ERROR] Failed to load resource: the server responded with a status of 403 (Forbidden) @ http://localhost:5173/api/home/cues/:0
[ 3594138ms] [ERROR] Failed to load resource: the server responded with a status of 403 (Forbidden) @ http://localhost:5173/api/journey/:0
[ 3599281ms] [ERROR] Failed to load resource: the server responded with a status of 403 (Forbidden) @ http://localhost:5173/api/home/cues/:0
[ 3599306ms] [ERROR] Failed to load resource: the server responded with a status of 403 (Forbidden) @ http://localhost:5173/api/journey/:0
[ 3628497ms] [ERROR] Failed to load resource: the server responded with a status of 403 (Forbidden) @ http://localhost:5173/api/home/cues/:0
[ 3628500ms] [ERROR] Failed to load resource: the server responded with a status of 403 (Forbidden) @ http://localhost:5173/api/journey/:0
[ 9477628ms] [LOG] [vite] server connection lost. Polling for restart... @ http://localhost:5173/@vite/client:963
[ 9492965ms] [INFO] %cDownload the React DevTools for a better development experience: https://react.dev/link/react-devtools font-weight:bold @ http://localhost:5173/node_modules/.vite/deps/react-dom_client.js?v=16477861:20102
[ 9494069ms] [WARNING] ⚠️ React Router Future Flag Warning: React Router will begin wrapping state updates in `React.startTransition` in v7. You can use the `v7_startTransition` future flag to opt-in early. For more information, see https://reactrouter.com/v6/upgrading/future#v7_starttransition. @ http://localhost:5173/node_modules/.vite/deps/react-router-dom.js?v=3cb7fc75:4416
[ 9494072ms] [WARNING] ⚠️ React Router Future Flag Warning: Relative route resolution within Splat routes is changing in v7. You can use the `v7_relativeSplatPath` future flag to opt-in early. For more information, see https://reactrouter.com/v6/upgrading/future#v7_relativesplatpath. @ http://localhost:5173/node_modules/.vite/deps/react-router-dom.js?v=3cb7fc75:4416
[ 9600085ms] [ERROR] Failed to load resource: the server responded with a status of 403 (Forbidden) @ http://localhost:5173/api/home/cues/:0
[ 9600109ms] [ERROR] Failed to load resource: the server responded with a status of 403 (Forbidden) @ http://localhost:5173/api/journey/:0
[ 9601530ms] [ERROR] Failed to load resource: the server responded with a status of 403 (Forbidden) @ http://localhost:5173/api/home/cues/:0
[ 9601550ms] [ERROR] Failed to load resource: the server responded with a status of 403 (Forbidden) @ http://localhost:5173/api/journey/:0
[ 9742890ms] [ERROR] Failed to load resource: net::ERR_NETWORK_CHANGED @ http://localhost:5173/api/home/cues/:0
[ 9743008ms] [ERROR] Failed to load resource: net::ERR_NETWORK_CHANGED @ http://localhost:5173/api/jobs/:0
[ 9779812ms] [ERROR] Failed to load resource: the server responded with a status of 403 (Forbidden) @ http://localhost:5173/api/journey/:0
[84452889ms] [ERROR] Failed to load resource: the server responded with a status of 403 (Forbidden) @ http://localhost:5173/api/journey/locks/:0
[84452963ms] [ERROR] Failed to load resource: the server responded with a status of 403 (Forbidden) @ http://localhost:5173/api/notifications/:0
[84452966ms] [ERROR] Failed to load resource: the server responded with a status of 403 (Forbidden) @ http://localhost:5173/api/calendar/:0
[84452969ms] [ERROR] Failed to load resource: the server responded with a status of 403 (Forbidden) @ http://localhost:5173/api/auth/me/:0
[84452972ms] [ERROR] Failed to load resource: the server responded with a status of 403 (Forbidden) @ http://localhost:5173/api/game/me/:0
[84452974ms] [ERROR] Failed to load resource: the server responded with a status of 403 (Forbidden) @ http://localhost:5173/api/materials-state/:0
[84453614ms] [ERROR] Failed to load resource: the server responded with a status of 403 (Forbidden) @ http://localhost:5173/api/prep/center/exams/:0
[84453615ms] [ERROR] Failed to load resource: the server responded with a status of 403 (Forbidden) @ http://localhost:5173/api/students/me/:0
[84453616ms] [ERROR] Failed to load resource: the server responded with a status of 403 (Forbidden) @ http://localhost:5173/api/journey/:0
[84453616ms] [ERROR] Failed to load resource: the server responded with a status of 403 (Forbidden) @ http://localhost:5173/api/essays/:0
[84453616ms] [ERROR] Failed to load resource: the server responded with a status of 403 (Forbidden) @ http://localhost:5173/api/application-plans/:0
[84453616ms] [ERROR] Failed to load resource: the server responded with a status of 403 (Forbidden) @ http://localhost:5173/api/resources/?page_size=200:0
[84453617ms] [ERROR] Failed to load resource: the server responded with a status of 403 (Forbidden) @ http://localhost:5173/api/home/cues/:0
[84453617ms] [ERROR] Failed to load resource: the server responded with a status of 403 (Forbidden) @ http://localhost:5173/api/jobs/:0
